<html>
<body>
<pre>
<h1>µVision Build Log</h1>
<h2>Tool Versions:</h2>
IDE-Version: ¦ÌVision V5.38.0.0
Copyright (C) 2022 ARM Ltd and ARM Germany GmbH. All rights reserved.
License Information: rio Admin, rio, LIC=WHYH9-41S13-VE9HA-1P9V9-F08QJ-H7N6D
 
Tool Versions:
Toolchain:       MDK-ARM Plus  Version: 5.38.0.0
Toolchain Path:  C:\Keil_v5\ARM\ARMCC\Bin
C Compiler:      Armcc.exe V5.06 update 6 (build 750)
Assembler:       Armasm.exe V5.06 update 6 (build 750)
Linker/Locator:  ArmLink.exe V5.06 update 6 (build 750)
Library Manager: ArmAr.exe V5.06 update 6 (build 750)
Hex Converter:   FromElf.exe V5.06 update 6 (build 750)
CPU DLL:         SARMCM3.DLL V5.38.0.0
Dialog DLL:      DCM.DLL V1.17.5.0
Target DLL:      CMSIS_AGDI.dll V1.33.15.0
Dialog DLL:      TCM.DLL V1.56.4.0
 
<h2>Project:</h2>
C:\Users\Admin\Desktop\github0318\Intelligent_Access_Control_System\MDK-ARM\Intelligent_Access_Control_System.uvprojx
Project File Date:  03/18/2026

<h2>Output:</h2>
*** Using Compiler 'V5.06 update 6 (build 750)', folder: 'C:\Keil_v5\ARM\ARMCC\Bin'
Build target 'Intelligent_Access_Control_System'
compiling main.c...
../App/Matrix_Keyboard.h(11): warning:  #1-D: last line of file ends without a newline
  #endif /* __MATRIX_KEYBOARD_H__ */
../App/RC522.h(151): warning:  #1-D: last line of file ends without a newline
  #endif
../App/flash.h(7): warning:  #47-D: incompatible redefinition of macro "FLASH_PAGE_SIZE"  (declared at line 241 of "../Drivers/STM32F1xx_HAL_Driver/Inc/stm32f1xx_hal_flash_ex.h")
  #define FLASH_PAGE_SIZE      0x400  // 1KB per page
../App/ui.h(15): warning:  #1-D: last line of file ends without a newline
  #endif /* __UI_H__ */
../App/beep_lay.h(10): warning:  #1-D: last line of file ends without a newline
  #endif /* __FLASH_H__ */
../Core/Src/main.c(268): warning:  #546-D: transfer of control bypasses initialization of:
            variable "score"  (declared at line 422)
            variable "tempID"  (declared at line 423)
          switch(processnum)
          ^
../Core/Src/main.c(264): warning:  #177-D: variable "tempPageID"  was declared but never referenced
      uint16_t tempPageID = 0;
../Core/Src/main.c: 7 warnings, 0 errors
linking...
Program Size: Code=17556 RO-data=8064 RW-data=48 ZI-data=3232  
FromELF: creating hex file...
"Intelligent_Access_Control_System\Intelligent_Access_Control_System.axf" - 0 Error(s), 7 Warning(s).

<h2>Software Packages used:</h2>

Package Vendor: ARM
                http://www.keil.com/pack/ARM.CMSIS.5.9.0.pack
                ARM.CMSIS.5.9.0
                CMSIS (Common Microcontroller Software Interface Standard)
   * Component: CORE Version: 5.6.0

Package Vendor: Keil
                https://www.keil.com/pack/Keil.STM32F1xx_DFP.2.4.1.pack
                Keil.STM32F1xx_DFP.2.4.1
                STMicroelectronics STM32F1 Series Device Support, Drivers and Examples

<h2>Collection of Component include folders:</h2>
  ./RTE/_Intelligent_Access_Control_System
  C:/Users/Admin/AppData/Local/Arm/Packs/ARM/CMSIS/5.9.0/CMSIS/Core/Include
  C:/Users/Admin/AppData/Local/Arm/Packs/Keil/STM32F1xx_DFP/2.4.1/Device/Include

<h2>Collection of Component Files used:</h2>

   * Component: ARM::CMSIS:CORE:5.6.0
      Include file:  CMSIS/Core/Include/tz_context.h
Build Time Elapsed:  00:00:01
</pre>
</body>
</html>
